assays
meta.data
active.assay
active.ident
graphs
neighbors
reductions
images
project.name
misc
version
commands
tools

str(xenium.obj@assays)
List of 5
 $ Xenium         :Formal class 'Assay5' [package "SeuratObject"] with 8 slots
  .. ..@ layers    :List of 1
  .. .. ..$ counts:Formal class 'dgCMatrix' [package "Matrix"] with 6 slots
  .. .. .. .. ..@ i       : int [1:153118220] 1 4 5 6 9 10 12 14 15 17 ...
  .. .. .. .. ..@ p       : int [1:299126] 0 1384 2833 3879 5151 6073 6650 7320 8456 9227 ...
  .. .. .. .. ..@ Dim     : int [1:2] 5001 299125
  .. .. .. .. ..@ Dimnames:List of 2
  .. .. .. .. .. ..$ : NULL
  .. .. .. .. .. ..$ : NULL
  .. .. .. .. ..@ x       : num [1:153118220] 5 14 3 1 7 11 1 11 2 6 ...
  .. .. .. .. ..@ factors : list()
  .. ..@ cells     :Formal class 'LogMap' [package "SeuratObject"] with 1 slot
  .. .. .. ..@ .Data: logi [1:299125, 1] TRUE TRUE TRUE TRUE TRUE TRUE ...
  .. .. .. .. ..- attr(*, "dimnames")=List of 2
  .. .. .. .. .. ..$ : chr [1:299125] "aaaabipb-1" "aaaaddio-1" "aaaagifl-1" "aaaaimlf-1" ...
  .. .. .. .. .. ..$ : chr "counts"
  .. .. .. ..$ dim     : int [1:2] 299125 1
  .. .. .. ..$ dimnames:List of 2
  .. .. .. .. ..$ : chr [1:299125] "aaaabipb-1" "aaaaddio-1" "aaaagifl-1" "aaaaimlf-1" ...
  .. .. .. .. ..$ : chr "counts"
  .. ..@ features  :Formal class 'LogMap' [package "SeuratObject"] with 1 slot
  .. .. .. ..@ .Data: logi [1:5001, 1] TRUE TRUE TRUE TRUE TRUE TRUE ...
  .. .. .. .. ..- attr(*, "dimnames")=List of 2
  .. .. .. .. .. ..$ : chr [1:5001] "A2ML1" "AAMP" "AAR2" "AARSD1" ...
  .. .. .. .. .. ..$ : chr "counts"
  .. .. .. ..$ dim     : int [1:2] 5001 1
  .. .. .. ..$ dimnames:List of 2
  .. .. .. .. ..$ : chr [1:5001] "A2ML1" "AAMP" "AAR2" "AARSD1" ...
  .. .. .. .. ..$ : chr "counts"
  .. ..@ default   : int 1
  .. ..@ assay.orig: chr(0) 
  .. ..@ meta.data :'data.frame':	5001 obs. of  0 variables
  .. ..@ misc      :List of 1
  .. .. ..$ calcN: logi TRUE
  .. ..@ key       : chr "xenium_"
 $ BlankCodeword  :Formal class 'Assay' [package "SeuratObject"] with 8 slots
  .. ..@ counts       :Formal class 'dgCMatrix' [package "Matrix"] with 6 slots
  .. .. .. ..@ i       : int [1:9580] 1006 54 500 464 327 935 312 358 690 288 ...
  .. .. .. ..@ p       : int [1:299126] 0 0 0 1 1 1 1 1 1 1 ...
  .. .. .. ..@ Dim     : int [1:2] 1067 299125
  .. .. .. ..@ Dimnames:List of 2
  .. .. .. .. ..$ : chr [1:1067] "UnassignedCodeword-0014" "UnassignedCodeword-0016" "UnassignedCodeword-0028" "UnassignedCodeword-0036" ...
  .. .. .. .. ..$ : chr [1:299125] "aaaabipb-1" "aaaaddio-1" "aaaagifl-1" "aaaaimlf-1" ...
  .. .. .. ..@ x       : num [1:9580] 1 1 1 1 1 1 1 1 1 1 ...
  .. .. .. ..@ factors : list()
  .. ..@ data         :Formal class 'dgCMatrix' [package "Matrix"] with 6 slots
  .. .. .. ..@ i       : int [1:9580] 1006 54 500 464 327 935 312 358 690 288 ...
  .. .. .. ..@ p       : int [1:299126] 0 0 0 1 1 1 1 1 1 1 ...
  .. .. .. ..@ Dim     : int [1:2] 1067 299125
  .. .. .. ..@ Dimnames:List of 2
  .. .. .. .. ..$ : chr [1:1067] "UnassignedCodeword-0014" "UnassignedCodeword-0016" "UnassignedCodeword-0028" "UnassignedCodeword-0036" ...
  .. .. .. .. ..$ : chr [1:299125] "aaaabipb-1" "aaaaddio-1" "aaaagifl-1" "aaaaimlf-1" ...
  .. .. .. ..@ x       : num [1:9580] 1 1 1 1 1 1 1 1 1 1 ...
  .. .. .. ..@ factors : list()
  .. ..@ scale.data   : num[0 , 0 ] 
  .. ..@ assay.orig   : NULL
  .. ..@ var.features : chr(0) 
  .. ..@ meta.features:'data.frame':	1067 obs. of  0 variables
  .. ..@ misc         : Named list()
  .. ..@ key          : chr "blankcodeword_"
 $ ControlCodeword:Formal class 'Assay' [package "SeuratObject"] with 8 slots
  .. ..@ counts       :Formal class 'dgCMatrix' [package "Matrix"] with 6 slots
  .. .. .. ..@ i       : int [1:6244] 232 58 472 423 194 360 3 142 508 203 ...
  .. .. .. ..@ p       : int [1:299126] 0 0 0 0 0 0 0 0 0 0 ...
  .. .. .. ..@ Dim     : int [1:2] 609 299125
  .. .. .. ..@ Dimnames:List of 2
  .. .. .. .. ..$ : chr [1:609] "NegControlCodeword-18650" "NegControlCodeword-18651" "NegControlCodeword-18652" "NegControlCodeword-18653" ...
  .. .. .. .. ..$ : chr [1:299125] "aaaabipb-1" "aaaaddio-1" "aaaagifl-1" "aaaaimlf-1" ...
  .. .. .. ..@ x       : num [1:6244] 1 1 1 1 1 1 1 1 1 1 ...
  .. .. .. ..@ factors : list()
  .. ..@ data         :Formal class 'dgCMatrix' [package "Matrix"] with 6 slots
  .. .. .. ..@ i       : int [1:6244] 232 58 472 423 194 360 3 142 508 203 ...
  .. .. .. ..@ p       : int [1:299126] 0 0 0 0 0 0 0 0 0 0 ...
  .. .. .. ..@ Dim     : int [1:2] 609 299125
  .. .. .. ..@ Dimnames:List of 2
  .. .. .. .. ..$ : chr [1:609] "NegControlCodeword-18650" "NegControlCodeword-18651" "NegControlCodeword-18652" "NegControlCodeword-18653" ...
  .. .. .. .. ..$ : chr [1:299125] "aaaabipb-1" "aaaaddio-1" "aaaagifl-1" "aaaaimlf-1" ...
  .. .. .. ..@ x       : num [1:6244] 1 1 1 1 1 1 1 1 1 1 ...
  .. .. .. ..@ factors : list()
  .. ..@ scale.data   : num[0 , 0 ] 
  .. ..@ assay.orig   : NULL
  .. ..@ var.features : chr(0) 
  .. ..@ meta.features:'data.frame':	609 obs. of  0 variables
  .. ..@ misc         : Named list()
  .. ..@ key          : chr "controlcodeword_"
 $ ControlProbe   :Formal class 'Assay' [package "SeuratObject"] with 8 slots
  .. ..@ counts       :Formal class 'dgCMatrix' [package "Matrix"] with 6 slots
  .. .. .. ..@ i       : int [1:1718] 5 32 26 37 20 37 26 36 20 0 ...
  .. .. .. ..@ p       : int [1:299126] 0 0 0 0 0 0 0 0 1 1 ...
  .. .. .. ..@ Dim     : int [1:2] 40 299125
  .. .. .. ..@ Dimnames:List of 2
  .. .. .. .. ..$ : chr [1:40] "NegControlProbe-00013" "NegControlProbe-00016" "NegControlProbe-00074" "NegControlProbe-00012" ...
  .. .. .. .. ..$ : chr [1:299125] "aaaabipb-1" "aaaaddio-1" "aaaagifl-1" "aaaaimlf-1" ...
  .. .. .. ..@ x       : num [1:1718] 1 1 1 1 1 1 1 1 1 1 ...
  .. .. .. ..@ factors : list()
  .. ..@ data         :Formal class 'dgCMatrix' [package "Matrix"] with 6 slots
  .. .. .. ..@ i       : int [1:1718] 5 32 26 37 20 37 26 36 20 0 ...
  .. .. .. ..@ p       : int [1:299126] 0 0 0 0 0 0 0 0 1 1 ...
  .. .. .. ..@ Dim     : int [1:2] 40 299125
  .. .. .. ..@ Dimnames:List of 2
  .. .. .. .. ..$ : chr [1:40] "NegControlProbe-00013" "NegControlProbe-00016" "NegControlProbe-00074" "NegControlProbe-00012" ...
  .. .. .. .. ..$ : chr [1:299125] "aaaabipb-1" "aaaaddio-1" "aaaagifl-1" "aaaaimlf-1" ...
  .. .. .. ..@ x       : num [1:1718] 1 1 1 1 1 1 1 1 1 1 ...
  .. .. .. ..@ factors : list()
  .. ..@ scale.data   : num[0 , 0 ] 
  .. ..@ assay.orig   : NULL
  .. ..@ var.features : chr(0) 
  .. ..@ meta.features:'data.frame':	40 obs. of  0 variables
  .. ..@ misc         : Named list()
  .. ..@ key          : chr "controlprobe_"
 $ GenomicControl :Formal class 'Assay' [package "SeuratObject"] with 8 slots
  .. ..@ counts       :Formal class 'dgCMatrix' [package "Matrix"] with 6 slots
  .. .. .. ..@ i       : int [1:1088] 5 10 9 19 18 7 15 20 0 2 ...
  .. .. .. ..@ p       : int [1:299126] 0 0 0 0 0 0 0 0 0 0 ...
  .. .. .. ..@ Dim     : int [1:2] 21 299125
  .. .. .. ..@ Dimnames:List of 2
  .. .. .. .. ..$ : chr [1:21] "Intergenic-Region-28000" "Intergenic-Region-6000" "Intergenic-Region-4000" "Intergenic-Region-17000" ...
  .. .. .. .. ..$ : chr [1:299125] "aaaabipb-1" "aaaaddio-1" "aaaagifl-1" "aaaaimlf-1" ...
  .. .. .. ..@ x       : num [1:1088] 1 1 1 1 1 1 1 1 1 1 ...
  .. .. .. ..@ factors : list()
  .. ..@ data         :Formal class 'dgCMatrix' [package "Matrix"] with 6 slots
  .. .. .. ..@ i       : int [1:1088] 5 10 9 19 18 7 15 20 0 2 ...
  .. .. .. ..@ p       : int [1:299126] 0 0 0 0 0 0 0 0 0 0 ...
  .. .. .. ..@ Dim     : int [1:2] 21 299125
  .. .. .. ..@ Dimnames:List of 2
  .. .. .. .. ..$ : chr [1:21] "Intergenic-Region-28000" "Intergenic-Region-6000" "Intergenic-Region-4000" "Intergenic-Region-17000" ...
  .. .. .. .. ..$ : chr [1:299125] "aaaabipb-1" "aaaaddio-1" "aaaagifl-1" "aaaaimlf-1" ...
  .. .. .. ..@ x       : num [1:1088] 1 1 1 1 1 1 1 1 1 1 ...
  .. .. .. ..@ factors : list()
  .. ..@ scale.data   : num[0 , 0 ] 
  .. ..@ assay.orig   : NULL
  .. ..@ var.features : chr(0) 
  .. ..@ meta.features:'data.frame':	21 obs. of  0 variables
  .. ..@ misc         : Named list()
  .. ..@ key          : chr "genomiccontrol_"
