Loading required package: SeuratObject
Loading required package: sp

Attaching package: ‘SeuratObject’

The following objects are masked from ‘package:base’:

    intersect, t


Attaching package: ‘arrow’

The following object is masked from ‘package:utils’:

    timestamp


Attaching package: ‘glmGamPoi’

The following object is masked from ‘package:ggplot2’:

    vars

Genome matrix has multiple modalities, returning a list of matrices for this genome
Warning: Feature names cannot have underscores ('_'), replacing with dashes ('-')
Warning: Feature names cannot have underscores ('_'), replacing with dashes ('-')
Warning: Feature names cannot have underscores ('_'), replacing with dashes ('-')
Warning: Feature names cannot have underscores ('_'), replacing with dashes ('-')
Warning: Feature names cannot have underscores ('_'), replacing with dashes ('-')
Warning: Feature names cannot have underscores ('_'), replacing with dashes ('-')
Warning: Feature names cannot have underscores ('_'), replacing with dashes ('-')
Warning: Feature names cannot have underscores ('_'), replacing with dashes ('-')
Warning messages:
1: Not validating FOV objects 
2: Not validating Centroids objects 
3: Not validating Centroids objects 
4: Not validating FOV objects 
5: Not validating FOV objects 
6: Not validating FOV objects 
7: Not validating Seurat objects 
Running SCTransform on assay: Xenium
Running SCTransform on layer: counts
vst.flavor='v2' set. Using model with fixed slope and excluding poisson genes.
Variance stabilizing transformation of count matrix of size 5001 by 299125
Model formula is y ~ log_umi
Get Negative Binomial regression parameters per gene
Using 2000 genes, 5000 cells
slurmstepd: error: *** JOB 56205139 ON bl12450 CANCELLED AT 2025-05-30T01:17:01 ***
