Job is starting...
Rscript  is starting...
[1] "=================================================================================="
R version 4.4.0 (2024-04-24)
Platform: x86_64-pc-linux-gnu
Running under: Rocky Linux 8.10 (Green Obsidian)

Matrix products: default
BLAS/LAPACK: FlexiBLAS IMKL;  LAPACK version 3.11.0

locale:
 [1] LC_CTYPE=en_CA.UTF-8       LC_NUMERIC=C              
 [3] LC_TIME=en_CA.UTF-8        LC_COLLATE=en_CA.UTF-8    
 [5] LC_MONETARY=en_CA.UTF-8    LC_MESSAGES=en_CA.UTF-8   
 [7] LC_PAPER=en_CA.UTF-8       LC_NAME=C                 
 [9] LC_ADDRESS=C               LC_TELEPHONE=C            
[11] LC_MEASUREMENT=en_CA.UTF-8 LC_IDENTIFICATION=C       

time zone: EST5EDT
tzcode source: system (glibc)

attached base packages:
[1] stats     graphics  grDevices utils     datasets  methods   base     

other attached packages:
[1] RColorBrewer_1.1-3 patchwork_1.3.0    glmGamPoi_1.18.0   arrow_20.0.0      
[5] ggplot2_3.5.2      future_1.49.0      Seurat_5.2.0       SeuratObject_5.1.0
[9] sp_2.2-0          

loaded via a namespace (and not attached):
  [1] jsonlite_2.0.0              magrittr_2.0.3             
  [3] spatstat.utils_3.1-4        farver_2.1.2               
  [5] zlibbioc_1.52.0             vctrs_0.6.5                
  [7] ROCR_1.0-11                 spatstat.explore_3.4-3     
  [9] htmltools_0.5.8.1           S4Arrays_1.6.0             
 [11] SparseArray_1.6.2           sctransform_0.4.2          
 [13] parallelly_1.44.0           KernSmooth_2.23-22         
 [15] htmlwidgets_1.6.4           ica_1.0-3                  
 [17] plyr_1.8.9                  plotly_4.10.4              
 [19] zoo_1.8-14                  igraph_2.1.4               
 [21] mime_0.13                   lifecycle_1.0.4            
 [23] pkgconfig_2.0.3             Matrix_1.7-0               
 [25] R6_2.6.1                    fastmap_1.2.0              
 [27] GenomeInfoDbData_1.2.13     MatrixGenerics_1.18.1      
 [29] fitdistrplus_1.2-2          shiny_1.10.0               
 [31] digest_0.6.37               S4Vectors_0.44.0           
 [33] tensor_1.5                  RSpectra_0.16-2            
 [35] irlba_2.3.5.1               GenomicRanges_1.58.0       
 [37] progressr_0.15.1            spatstat.sparse_3.1-0      
 [39] httr_1.4.7                  polyclip_1.10-7            
 [41] abind_1.4-8                 compiler_4.4.0             
 [43] bit64_4.6.0-1               withr_3.0.2                
 [45] fastDummies_1.7.5           MASS_7.3-60.2              
 [47] DelayedArray_0.32.0         tools_4.4.0                
 [49] lmtest_0.9-40               httpuv_1.6.16              
 [51] future.apply_1.11.3         goftest_1.2-3              
 [53] glue_1.8.0                  nlme_3.1-164               
 [55] promises_1.3.3              grid_4.4.0                 
 [57] Rtsne_0.17                  cluster_2.1.6              
 [59] reshape2_1.4.4              generics_0.1.4             
 [61] gtable_0.3.6                spatstat.data_3.1-6        
 [63] tidyr_1.3.1                 data.table_1.17.4          
 [65] XVector_0.46.0              BiocGenerics_0.52.0        
 [67] spatstat.geom_3.4-1         RcppAnnoy_0.0.22           
 [69] ggrepel_0.9.6               RANN_2.6.2                 
 [71] pillar_1.10.2               stringr_1.5.1              
 [73] spam_2.11-1                 RcppHNSW_0.6.0             
 [75] later_1.4.2                 splines_4.4.0              
 [77] dplyr_1.1.4                 lattice_0.22-6             
 [79] survival_3.5-8              bit_4.6.0                  
 [81] deldir_2.0-4                tidyselect_1.2.1           
 [83] miniUI_0.1.2                pbapply_1.7-2              
 [85] gridExtra_2.3               IRanges_2.40.1             
 [87] SummarizedExperiment_1.36.0 scattermore_1.2            
 [89] stats4_4.4.0                Biobase_2.66.0             
 [91] matrixStats_1.5.0           stringi_1.8.7              
 [93] UCSC.utils_1.2.0            lazyeval_0.2.2             
 [95] codetools_0.2-20            tibble_3.2.1               
 [97] cli_3.6.5                   uwot_0.2.3                 
 [99] xtable_1.8-4                reticulate_1.42.0          
[101] Rcpp_1.0.14                 GenomeInfoDb_1.42.3        
[103] globals_0.18.0              spatstat.random_3.4-1      
[105] png_0.1-8                   spatstat.univar_3.1-3      
[107] parallel_4.4.0              assertthat_0.2.1           
[109] dotCall64_1.2               listenv_0.9.1              
[111] viridisLite_0.4.2           scales_1.4.0               
[113] ggridges_0.5.6              purrr_1.0.4                
[115] crayon_1.5.3                rlang_1.1.6                
[117] cowplot_1.1.3              
[1] "=================================================================================="
[1] "# Load the Xenium data"
[1] "# remove cells with 0 counts"
[1] "=================================================================================="
[1] "Save xenium.obj as a R Data file"
[1] "Save xenium.obj as a R Data file is done"
[1] "=================================================================================="
[1] "Save Genes as a text file"
[1] "=================================================================================="
[1] "=================================================================================="
[1] "SCTransform is running"
Job finished.
