Loading required package: SeuratObject
Loading required package: sp

Attaching package: ‘SeuratObject’

The following objects are masked from ‘package:base’:

    intersect, t


Attaching package: ‘arrow’

The following object is masked from ‘package:utils’:

    timestamp


Attaching package: ‘glmGamPoi’

The following object is masked from ‘package:ggplot2’:

    vars

Genome matrix has multiple modalities, returning a list of matrices for this genome
Warning: Feature names cannot have underscores ('_'), replacing with dashes ('-')
Warning: Feature names cannot have underscores ('_'), replacing with dashes ('-')
Warning: Feature names cannot have underscores ('_'), replacing with dashes ('-')
Warning: Feature names cannot have underscores ('_'), replacing with dashes ('-')
Warning: Feature names cannot have underscores ('_'), replacing with dashes ('-')
Warning: Feature names cannot have underscores ('_'), replacing with dashes ('-')
Warning: Feature names cannot have underscores ('_'), replacing with dashes ('-')
Warning: Feature names cannot have underscores ('_'), replacing with dashes ('-')
Warning messages:
1: Not validating FOV objects 
2: Not validating Centroids objects 
3: Not validating Centroids objects 
4: Not validating FOV objects 
5: Not validating FOV objects 
6: Not validating FOV objects 
7: Not validating Seurat objects 
Running SCTransform on assay: Xenium
vst.flavor='v2' set. Using model with fixed slope and excluding poisson genes.
Calculating cell attributes from input UMI matrix: log_umi
Variance stabilizing transformation of count matrix of size 5001 by 299125
Model formula is y ~ log_umi
Get Negative Binomial regression parameters per gene
Using 2000 genes, 5000 cells
Error: Caught an unexpected error of class FutureError when trying to launch future (‘future_lapply-20’) on backend of class MultisessionFutureBackend. The reason was: Failed to find a functional cluster workers, after attempting to relaunch the parallel worker 3 times
In addition: Warning message:
The `slot` argument of `GetAssayData()` is deprecated as of SeuratObject 5.0.0.
ℹ Please use the `layer` argument instead.
ℹ The deprecated feature was likely used in the Seurat package.
  Please report the issue at <https://github.com/satijalab/seurat/issues>. 
Execution halted
